[{'dataset': 'vaswani', 'qid': '1', 'qrels': [{'qid': '1', 'relevance': 1, 'doc_id': '1239', 'retrieved_in_100': 0, 'median_rank': 99999.0, 'retrieved_in_10': 0}, {'qid': '1', 'relevance': 1, 'doc_id': '1502', 'retrieved_in_100': 2, 'median_rank': 1.5, 'retrieved_in_10': 2}, {'qid': '1', 'relevance': 1, 'doc_id': '4462', 'retrieved_in_100': 0, 'median_rank': 99999.0, 'retrieved_in_10': 0}, {'qid': '1', 'relevance': 1, 'doc_id': '4569', 'retrieved_in_100': 1, 'median_rank': 50001.0, 'retrieved_in_10': 1}, {'qid': '1', 'relevance': 1, 'doc_id': '5472', 'retrieved_in_100': 0, 'median_rank': 99999.0, 'retrieved_in_10': 0}, {'qid': '1', 'relevance': 1, 'doc_id': '5502', 'retrieved_in_100': 0, 'median_rank': 99999.0, 'retrieved_in_10': 0}, {'qid': '1', 'relevance': 1, 'doc_id': '6471', 'retrieved_in_100': 0, 'median_rank': 99999.0, 'retrieved_in_10': 0}, {'qid': '1', 'relevance': 1, 'doc_id': '6480', 'retrieved_in_100': 0, 'median_rank': 99999.0, 'retrieved_in_10': 0}, {'qid': '1', 'relevance': 1, 'doc_id': '6664', 'retrieved_in_100': 0, 'median_rank': 99999.0, 'retrieved_in_10': 0}, {'qid': '1', 'relevance': 1, 'doc_id': '6824', 'retrieved_in_100': 0, 'median_rank': 99999.0, 'retrieved_in_10': 0}, {'qid': '1', 'relevance': 1, 'doc_id': '7923', 'retrieved_in_100': 0, 'median_rank': 99999.0, 'retrieved_in_10': 0}, {'qid': '1', 'relevance': 1, 'doc_id': '8150', 'retrieved_in_100': 0, 'median_rank': 99999.0, 'retrieved_in_10': 0}, {'qid': '1', 'relevance': 1, 'doc_id': '8172', 'retrieved_in_100': 0, 'median_rank': 99999.0, 'retrieved_in_10': 0}, {'qid': '1', 'relevance': 1, 'doc_id': '8277', 'retrieved_in_100': 0, 'median_rank': 99999.0, 'retrieved_in_10': 0}, {'qid': '1', 'relevance': 1, 'doc_id': '9219', 'retrieved_in_100': 0, 'median_rank': 99999.0, 'retrieved_in_10': 0}, {'qid': '1', 'relevance': 1, 'doc_id': '9859', 'retrieved_in_100': 0, 'median_rank': 99999.0, 'retrieved_in_10': 0}, {'qid': '1', 'relevance': 1, 'doc_id': '9988', 'retrieved_in_100': 0, 'median_rank': 99999.0, 'retrieved_in_10': 0}, {'qid': '1', 'relevance': 1, 'doc_id': '10081', 'retrieved_in_100': 0, 'median_rank': 99999.0, 'retrieved_in_10': 0}, {'qid': '1', 'relevance': 1, 'doc_id': '10588', 'retrieved_in_100': 0, 'median_rank': 99999.0, 'retrieved_in_10': 0}]}]
